---
source: pkgs/lib/src/serde_de.rs
expression: snap
---
not a list
error: `  × expected `[`
           ╭────
         1 │ 1
           · ▲
           · ╰── expected `[`
           ╰────`

missing separator
error: `  × expected `,` or `]`
           ╭────
         1 │ [1 2]
           ·    ▲
           ·    ╰── expected `,` or `]`
           ╰────`

unclosed list
error: `  × expected `,` or `]`
           ╭────
         1 │ [1, 2
           ╰────`
