---
source: pkgs/lib/src/parser/parse_list.rs
expression: snap
---
not a list
error: `  × expected `[`
           ╭────
         1 │ 1
           · ▲
           · ╰── expected `[`
           ╰────`

missing separator
error: `  × missing separator
           ╭────
         1 │ ["a""b"]
           ·     ▲
           ·     ╰── missing separator
           ╰────`

unterminated list
error: `  × missing separator
           ╭────
         1 │ [1, 2
           ╰────`
